<html>
<body>
<pre>
<h1>µVision Build Log</h1>
<h2>Project:</h2>
E:\STM32_EXAMPLES\test\USR\test.uvproj
Project File Date:  05/10/2017

<h2>Output:</h2>
Build target 'Target 1'
assembling STM32F10x.s...
compiling test.c...
test.c(19): warning:  #1-D: last line of file ends without a newline
test.c:   }
test.c:    ^
test.c: test.c: 1 warning, 0 errors
compiling delay.c...
compiling sys.c...
compiling usart.c...
linking...
Program Size: Code=3492 RO-data=268 RW-data=8 ZI-data=608  
"test.axf" - 0 Error(s), 1 Warning(s).
Build target 'Target 1'
assembling STM32F10x.s...
compiling test.c...
test.c(20): warning:  #1-D: last line of file ends without a newline
test.c:   }
test.c:    ^
test.c: test.c: 1 warning, 0 errors
compiling delay.c...
compiling sys.c...
compiling usart.c...
linking...
Program Size: Code=3492 RO-data=268 RW-data=8 ZI-data=608  
"test.axf" - 0 Error(s), 1 Warning(s).
Build target 'Target 1'
assembling STM32F10x.s...
compiling test.c...
test.c(21): warning:  #1-D: last line of file ends without a newline
test.c:   }
test.c:    ^
test.c(8): warning:  #177-D: variable "b" was declared but never referenced
test.c:         double b=0x44543534545;
test.c:                ^
test.c: test.c: 2 warnings, 0 errors
compiling delay.c...
compiling sys.c...
compiling usart.c...
linking...
Program Size: Code=3492 RO-data=268 RW-data=8 ZI-data=608  
"test.axf" - 0 Error(s), 2 Warning(s).
Build target 'Target 1'
assembling STM32F10x.s...
compiling test.c...
test.c(22): warning:  #1-D: last line of file ends without a newline
test.c:   }
test.c:    ^
test.c(8): warning:  #177-D: variable "b" was declared but never referenced
test.c:         double b=0x44543534545;
test.c:                ^
test.c: test.c: 2 warnings, 0 errors
compiling delay.c...
compiling sys.c...
compiling usart.c...
linking...
Program Size: Code=3492 RO-data=268 RW-data=8 ZI-data=608  
"test.axf" - 0 Error(s), 2 Warning(s).
Build target 'Target 1'
assembling STM32F10x.s...
compiling test.c...
test.c(22): warning:  #1-D: last line of file ends without a newline
test.c:   }
test.c:    ^
test.c(8): warning:  #177-D: variable "b" was declared but never referenced
test.c:         float b=10.8;
test.c:               ^
test.c: test.c: 2 warnings, 0 errors
compiling delay.c...
compiling sys.c...
compiling usart.c...
linking...
Program Size: Code=3492 RO-data=268 RW-data=8 ZI-data=608  
"test.axf" - 0 Error(s), 2 Warning(s).
Build target 'Target 1'
assembling STM32F10x.s...
compiling test.c...
test.c(18): warning:  #181-D: argument is incompatible with corresponding format string conversion
test.c:                 printf("t:%d\n",b);
test.c:                                 ^
test.c(22): warning:  #1-D: last line of file ends without a newline
test.c:   }
test.c:    ^
test.c: test.c: 2 warnings, 0 errors
compiling delay.c...
compiling sys.c...
compiling usart.c...
linking...
Program Size: Code=3616 RO-data=268 RW-data=8 ZI-data=608  
"test.axf" - 0 Error(s), 2 Warning(s).
Build target 'Target 1'
assembling STM32F10x.s...
compiling test.c...
test.c(22): warning:  #1-D: last line of file ends without a newline
test.c:   }
test.c:    ^
test.c(8): warning:  #177-D: variable "b" was declared but never referenced
test.c:         static float b=10.8;
test.c:                      ^
test.c: test.c: 2 warnings, 0 errors
compiling delay.c...
compiling sys.c...
compiling usart.c...
linking...
Program Size: Code=3492 RO-data=268 RW-data=8 ZI-data=608  
"test.axf" - 0 Error(s), 2 Warning(s).
Build target 'Target 1'
assembling STM32F10x.s...
compiling test.c...
test.c(22): warning:  #1-D: last line of file ends without a newline
test.c:   }
test.c:    ^
test.c(8): warning:  #177-D: variable "b" was declared but never referenced
test.c:         static float b=10.8;
test.c:                      ^
test.c: test.c: 2 warnings, 0 errors
compiling delay.c...
compiling sys.c...
compiling usart.c...
linking...
Program Size: Code=3492 RO-data=268 RW-data=8 ZI-data=608  
"test.axf" - 0 Error(s), 2 Warning(s).
Build target 'Target 1'
assembling STM32F10x.s...
compiling test.c...
test.c(23): warning:  #1-D: last line of file ends without a newline
test.c:   }
test.c:    ^
test.c(8): warning:  #177-D: variable "b" was declared but never referenced
test.c:         static float b=10.8;
test.c:                      ^
test.c: test.c: 2 warnings, 0 errors
compiling delay.c...
compiling sys.c...
compiling usart.c...
linking...
Program Size: Code=3504 RO-data=268 RW-data=16 ZI-data=608  
"test.axf" - 0 Error(s), 2 Warning(s).
