<html>
<body>
<pre>
<h1>µVision Build Log</h1>
<h2>Project:</h2>
F:\res\stm32_led\PROJECT\test.uvproj
Project File Date:  06/02/2017

<h2>Output:</h2>
Build target 'Target 1'
creating preprocessor file for test.c...
..\USR\test.c(23): warning:  #1-D: last line of file ends without a newline
..\USR\test.c:   }
..\USR\test.c:    ^
..\USR\test.c: ..\USR\test.c: 1 warning, 0 errors
compiling test.c...
..\USR\test.c(23): warning:  #1-D: last line of file ends without a newline
..\USR\test.c:   }
..\USR\test.c:    ^
..\USR\test.c(8): warning:  #177-D: variable "b" was declared but never referenced
..\USR\test.c:          static float b=10.8;
..\USR\test.c:                       ^
..\USR\test.c: ..\USR\test.c: 2 warnings, 0 errors
creating preprocessor file for delay.c...
compiling delay.c...
creating preprocessor file for sys.c...
compiling sys.c...
creating preprocessor file for usart.c...
compiling usart.c...
assembling STM32F10x.s...
linking...
Program Size: Code=3504 RO-data=268 RW-data=16 ZI-data=608  
FromELF: creating hex file...
"..\OUTPUT\test.axf" - 0 Error(s), 2 Warning(s).
